// Jest Snapshot v1, https://goo.gl/fbAQLP

exports[`renders FetchQuote correctly 1`] = `
<div>
  <p>
    Loading...
  </p>
</div>
`;
